[INFO] Scanning for projects...
[INFO] 
[INFO] ---------------------< sunny_group:Sunny_Printers >---------------------
[INFO] Building Sunny Printers 0.0.1-SNAPSHOT
[INFO]   from pom.xml
[INFO] --------------------------------[ jar ]---------------------------------
[INFO] 
[INFO] --- resources:3.3.1:resources (default-resources) @ Sunny_Printers ---
[INFO] Copying 110 resources from src\main\resources to target\classes
[INFO] 
[INFO] --- compiler:3.13.0:compile (default-compile) @ Sunny_Printers ---
[INFO] Recompiling the module because of changed source code.
[INFO] Compiling 150 source files with javac [debug target 17] to target\classes
[INFO] -------------------------------------------------------------
[WARNING] COMPILATION WARNING : 
[INFO] -------------------------------------------------------------
[WARNING] system modules path not set in conjunction with -source 17
[INFO] 1 warning
[INFO] -------------------------------------------------------------
[INFO] -------------------------------------------------------------
[ERROR] COMPILATION ERROR : 
[INFO] -------------------------------------------------------------
[ERROR] /C:/Users/VishalGoswami/eclipse-workspace/Sunny_Printers/src/main/java/service/NumberSequenceAllocationService.java:[1,16] illegal character: '\u0000'
[ERROR] /C:/Users/VishalGoswami/eclipse-workspace/Sunny_Printers/src/main/java/service/NumberSequenceAllocationService.java:[1,32] illegal character: '\u0000'
[ERROR] /C:/Users/VishalGoswami/eclipse-workspace/Sunny_Printers/src/main/java/service/NumberSequenceAllocationService.java:[2,1] illegal character: '\u0000'
[ERROR] /C:/Users/VishalGoswami/eclipse-workspace/Sunny_Printers/src/main/java/service/NumberSequenceAllocationService.java:[3,1] illegal character: '\u0000'
[ERROR] /C:/Users/VishalGoswami/eclipse-workspace/Sunny_Printers/src/main/java/service/NumberSequenceAllocationService.java:[3,15] illegal character: '\u0000'
[ERROR] /C:/Users/VishalGoswami/eclipse-workspace/Sunny_Printers/src/main/java/service/NumberSequenceAllocationService.java:[3,24] class, interface, enum, or record expected
[ERROR] /C:/Users/VishalGoswami/eclipse-workspace/Sunny_Printers/src/main/java/service/NumberSequenceAllocationService.java:[3,25] illegal character: '\u0000'
[ERROR] /C:/Users/VishalGoswami/eclipse-workspace/Sunny_Printers/src/main/java/service/NumberSequenceAllocationService.java:[3,33] illegal character: '\u0000'
[ERROR] /C:/Users/VishalGoswami/eclipse-workspace/Sunny_Printers/src/main/java/service/NumberSequenceAllocationService.java:[3,55] illegal character: '\u0000'
[ERROR] /C:/Users/VishalGoswami/eclipse-workspace/Sunny_Printers/src/main/java/service/NumberSequenceAllocationService.java:[4,1] illegal character: '\u0000'
[ERROR] /C:/Users/VishalGoswami/eclipse-workspace/Sunny_Printers/src/main/java/service/NumberSequenceAllocationService.java:[4,2] class, interface, enum, or record expected
[ERROR] /C:/Users/VishalGoswami/eclipse-workspace/Sunny_Printers/src/main/java/service/NumberSequenceAllocationService.java:[4,15] illegal character: '\u0000'
[ERROR] /C:/Users/VishalGoswami/eclipse-workspace/Sunny_Printers/src/main/java/service/NumberSequenceAllocationService.java:[4,25] illegal character: '\u0000'
[ERROR] /C:/Users/VishalGoswami/eclipse-workspace/Sunny_Printers/src/main/java/service/NumberSequenceAllocationService.java:[4,33] illegal character: '\u0000'
[ERROR] /C:/Users/VishalGoswami/eclipse-workspace/Sunny_Printers/src/main/java/service/NumberSequenceAllocationService.java:[4,69] illegal character: '\u0000'
[ERROR] /C:/Users/VishalGoswami/eclipse-workspace/Sunny_Printers/src/main/java/service/NumberSequenceAllocationService.java:[5,1] illegal character: '\u0000'
[ERROR] /C:/Users/VishalGoswami/eclipse-workspace/Sunny_Printers/src/main/java/service/NumberSequenceAllocationService.java:[5,2] class, interface, enum, or record expected
[ERROR] /C:/Users/VishalGoswami/eclipse-workspace/Sunny_Printers/src/main/java/service/NumberSequenceAllocationService.java:[5,15] illegal character: '\u0000'
[ERROR] /C:/Users/VishalGoswami/eclipse-workspace/Sunny_Printers/src/main/java/service/NumberSequenceAllocationService.java:[5,25] illegal character: '\u0000'
[ERROR] /C:/Users/VishalGoswami/eclipse-workspace/Sunny_Printers/src/main/java/service/NumberSequenceAllocationService.java:[5,33] illegal character: '\u0000'
[ERROR] /C:/Users/VishalGoswami/eclipse-workspace/Sunny_Printers/src/main/java/service/NumberSequenceAllocationService.java:[5,53] illegal character: '\u0000'
[ERROR] /C:/Users/VishalGoswami/eclipse-workspace/Sunny_Printers/src/main/java/service/NumberSequenceAllocationService.java:[6,1] illegal character: '\u0000'
[ERROR] /C:/Users/VishalGoswami/eclipse-workspace/Sunny_Printers/src/main/java/service/NumberSequenceAllocationService.java:[6,2] class, interface, enum, or record expected
[ERROR] /C:/Users/VishalGoswami/eclipse-workspace/Sunny_Printers/src/main/java/service/NumberSequenceAllocationService.java:[6,15] illegal character: '\u0000'
[ERROR] /C:/Users/VishalGoswami/eclipse-workspace/Sunny_Printers/src/main/java/service/NumberSequenceAllocationService.java:[6,25] illegal character: '\u0000'
[ERROR] /C:/Users/VishalGoswami/eclipse-workspace/Sunny_Printers/src/main/java/service/NumberSequenceAllocationService.java:[6,35] illegal character: '\u0000'
[ERROR] /C:/Users/VishalGoswami/eclipse-workspace/Sunny_Printers/src/main/java/service/NumberSequenceAllocationService.java:[6,55] illegal character: '\u0000'
[ERROR] /C:/Users/VishalGoswami/eclipse-workspace/Sunny_Printers/src/main/java/service/NumberSequenceAllocationService.java:[7,1] illegal character: '\u0000'
[ERROR] /C:/Users/VishalGoswami/eclipse-workspace/Sunny_Printers/src/main/java/service/NumberSequenceAllocationService.java:[7,2] class, interface, enum, or record expected
[ERROR] /C:/Users/VishalGoswami/eclipse-workspace/Sunny_Printers/src/main/java/service/NumberSequenceAllocationService.java:[7,15] illegal character: '\u0000'
[ERROR] /C:/Users/VishalGoswami/eclipse-workspace/Sunny_Printers/src/main/java/service/NumberSequenceAllocationService.java:[7,25] illegal character: '\u0000'
[ERROR] /C:/Users/VishalGoswami/eclipse-workspace/Sunny_Printers/src/main/java/service/NumberSequenceAllocationService.java:[7,35] illegal character: '\u0000'
[ERROR] /C:/Users/VishalGoswami/eclipse-workspace/Sunny_Printers/src/main/java/service/NumberSequenceAllocationService.java:[7,53] illegal character: '\u0000'
[ERROR] /C:/Users/VishalGoswami/eclipse-workspace/Sunny_Printers/src/main/java/service/NumberSequenceAllocationService.java:[8,1] illegal character: '\u0000'
[ERROR] /C:/Users/VishalGoswami/eclipse-workspace/Sunny_Printers/src/main/java/service/NumberSequenceAllocationService.java:[9,1] illegal character: '\u0000'
[ERROR] /C:/Users/VishalGoswami/eclipse-workspace/Sunny_Printers/src/main/java/service/NumberSequenceAllocationService.java:[9,15] illegal character: '\u0000'
[ERROR] /C:/Users/VishalGoswami/eclipse-workspace/Sunny_Printers/src/main/java/service/NumberSequenceAllocationService.java:[9,22] class, interface, enum, or record expected
[ERROR] /C:/Users/VishalGoswami/eclipse-workspace/Sunny_Printers/src/main/java/service/NumberSequenceAllocationService.java:[9,23] illegal character: '\u0000'
[ERROR] /C:/Users/VishalGoswami/eclipse-workspace/Sunny_Printers/src/main/java/service/NumberSequenceAllocationService.java:[9,41] illegal character: '\u0000'
[ERROR] /C:/Users/VishalGoswami/eclipse-workspace/Sunny_Printers/src/main/java/service/NumberSequenceAllocationService.java:[9,67] illegal character: '\u0000'
[ERROR] /C:/Users/VishalGoswami/eclipse-workspace/Sunny_Printers/src/main/java/service/NumberSequenceAllocationService.java:[10,1] illegal character: '\u0000'
[ERROR] /C:/Users/VishalGoswami/eclipse-workspace/Sunny_Printers/src/main/java/service/NumberSequenceAllocationService.java:[10,2] class, interface, enum, or record expected
[ERROR] /C:/Users/VishalGoswami/eclipse-workspace/Sunny_Printers/src/main/java/service/NumberSequenceAllocationService.java:[10,15] illegal character: '\u0000'
[ERROR] /C:/Users/VishalGoswami/eclipse-workspace/Sunny_Printers/src/main/java/service/NumberSequenceAllocationService.java:[10,23] illegal character: '\u0000'
[ERROR] /C:/Users/VishalGoswami/eclipse-workspace/Sunny_Printers/src/main/java/service/NumberSequenceAllocationService.java:[10,41] illegal character: '\u0000'
[ERROR] /C:/Users/VishalGoswami/eclipse-workspace/Sunny_Printers/src/main/java/service/NumberSequenceAllocationService.java:[10,61] illegal character: '\u0000'
[ERROR] /C:/Users/VishalGoswami/eclipse-workspace/Sunny_Printers/src/main/java/service/NumberSequenceAllocationService.java:[10,115] illegal character: '\u0000'
[ERROR] /C:/Users/VishalGoswami/eclipse-workspace/Sunny_Printers/src/main/java/service/NumberSequenceAllocationService.java:[11,1] illegal character: '\u0000'
[ERROR] /C:/Users/VishalGoswami/eclipse-workspace/Sunny_Printers/src/main/java/service/NumberSequenceAllocationService.java:[11,2] class, interface, enum, or record expected
[ERROR] /C:/Users/VishalGoswami/eclipse-workspace/Sunny_Printers/src/main/java/service/NumberSequenceAllocationService.java:[11,15] illegal character: '\u0000'
[ERROR] /C:/Users/VishalGoswami/eclipse-workspace/Sunny_Printers/src/main/java/service/NumberSequenceAllocationService.java:[11,27] illegal character: '\u0000'
[ERROR] /C:/Users/VishalGoswami/eclipse-workspace/Sunny_Printers/src/main/java/service/NumberSequenceAllocationService.java:[11,69] illegal character: '\u0000'
[ERROR] /C:/Users/VishalGoswami/eclipse-workspace/Sunny_Printers/src/main/java/service/NumberSequenceAllocationService.java:[12,1] illegal character: '\u0000'
[ERROR] /C:/Users/VishalGoswami/eclipse-workspace/Sunny_Printers/src/main/java/service/NumberSequenceAllocationService.java:[12,2] class, interface, enum, or record expected
[ERROR] /C:/Users/VishalGoswami/eclipse-workspace/Sunny_Printers/src/main/java/service/NumberSequenceAllocationService.java:[12,15] illegal character: '\u0000'
[ERROR] /C:/Users/VishalGoswami/eclipse-workspace/Sunny_Printers/src/main/java/service/NumberSequenceAllocationService.java:[12,27] illegal character: '\u0000'
[ERROR] /C:/Users/VishalGoswami/eclipse-workspace/Sunny_Printers/src/main/java/service/NumberSequenceAllocationService.java:[12,57] illegal character: '\u0000'
[ERROR] /C:/Users/VishalGoswami/eclipse-workspace/Sunny_Printers/src/main/java/service/NumberSequenceAllocationService.java:[13,1] illegal character: '\u0000'
[ERROR] /C:/Users/VishalGoswami/eclipse-workspace/Sunny_Printers/src/main/java/service/NumberSequenceAllocationService.java:[13,2] class, interface, enum, or record expected
[ERROR] /C:/Users/VishalGoswami/eclipse-workspace/Sunny_Printers/src/main/java/service/NumberSequenceAllocationService.java:[13,15] illegal character: '\u0000'
[ERROR] /C:/Users/VishalGoswami/eclipse-workspace/Sunny_Printers/src/main/java/service/NumberSequenceAllocationService.java:[13,27] illegal character: '\u0000'
[ERROR] /C:/Users/VishalGoswami/eclipse-workspace/Sunny_Printers/src/main/java/service/NumberSequenceAllocationService.java:[13,57] illegal character: '\u0000'
[ERROR] /C:/Users/VishalGoswami/eclipse-workspace/Sunny_Printers/src/main/java/service/NumberSequenceAllocationService.java:[14,1] illegal character: '\u0000'
[ERROR] /C:/Users/VishalGoswami/eclipse-workspace/Sunny_Printers/src/main/java/service/NumberSequenceAllocationService.java:[14,2] class, interface, enum, or record expected
[ERROR] /C:/Users/VishalGoswami/eclipse-workspace/Sunny_Printers/src/main/java/service/NumberSequenceAllocationService.java:[14,15] illegal character: '\u0000'
[ERROR] /C:/Users/VishalGoswami/eclipse-workspace/Sunny_Printers/src/main/java/service/NumberSequenceAllocationService.java:[14,37] illegal character: '\u0000'
[ERROR] /C:/Users/VishalGoswami/eclipse-workspace/Sunny_Printers/src/main/java/service/NumberSequenceAllocationService.java:[14,87] illegal character: '\u0000'
[ERROR] /C:/Users/VishalGoswami/eclipse-workspace/Sunny_Printers/src/main/java/service/NumberSequenceAllocationService.java:[15,1] illegal character: '\u0000'
[ERROR] /C:/Users/VishalGoswami/eclipse-workspace/Sunny_Printers/src/main/java/service/NumberSequenceAllocationService.java:[15,2] class, interface, enum, or record expected
[ERROR] /C:/Users/VishalGoswami/eclipse-workspace/Sunny_Printers/src/main/java/service/NumberSequenceAllocationService.java:[15,15] illegal character: '\u0000'
[ERROR] /C:/Users/VishalGoswami/eclipse-workspace/Sunny_Printers/src/main/java/service/NumberSequenceAllocationService.java:[15,37] illegal character: '\u0000'
[ERROR] /C:/Users/VishalGoswami/eclipse-workspace/Sunny_Printers/src/main/java/service/NumberSequenceAllocationService.java:[15,87] illegal character: '\u0000'
[ERROR] /C:/Users/VishalGoswami/eclipse-workspace/Sunny_Printers/src/main/java/service/NumberSequenceAllocationService.java:[16,1] illegal character: '\u0000'
[ERROR] /C:/Users/VishalGoswami/eclipse-workspace/Sunny_Printers/src/main/java/service/NumberSequenceAllocationService.java:[16,2] class, interface, enum, or record expected
[ERROR] /C:/Users/VishalGoswami/eclipse-workspace/Sunny_Printers/src/main/java/service/NumberSequenceAllocationService.java:[16,15] illegal character: '\u0000'
[ERROR] /C:/Users/VishalGoswami/eclipse-workspace/Sunny_Printers/src/main/java/service/NumberSequenceAllocationService.java:[16,27] illegal character: '\u0000'
[ERROR] /C:/Users/VishalGoswami/eclipse-workspace/Sunny_Printers/src/main/java/service/NumberSequenceAllocationService.java:[16,57] illegal character: '\u0000'
[ERROR] /C:/Users/VishalGoswami/eclipse-workspace/Sunny_Printers/src/main/java/service/NumberSequenceAllocationService.java:[17,1] illegal character: '\u0000'
[ERROR] /C:/Users/VishalGoswami/eclipse-workspace/Sunny_Printers/src/main/java/service/NumberSequenceAllocationService.java:[17,2] class, interface, enum, or record expected
[ERROR] /C:/Users/VishalGoswami/eclipse-workspace/Sunny_Printers/src/main/java/service/NumberSequenceAllocationService.java:[17,15] illegal character: '\u0000'
[ERROR] /C:/Users/VishalGoswami/eclipse-workspace/Sunny_Printers/src/main/java/service/NumberSequenceAllocationService.java:[17,27] illegal character: '\u0000'
[ERROR] /C:/Users/VishalGoswami/eclipse-workspace/Sunny_Printers/src/main/java/service/NumberSequenceAllocationService.java:[17,63] illegal character: '\u0000'
[ERROR] /C:/Users/VishalGoswami/eclipse-workspace/Sunny_Printers/src/main/java/service/NumberSequenceAllocationService.java:[18,1] illegal character: '\u0000'
[ERROR] /C:/Users/VishalGoswami/eclipse-workspace/Sunny_Printers/src/main/java/service/NumberSequenceAllocationService.java:[18,2] class, interface, enum, or record expected
[ERROR] /C:/Users/VishalGoswami/eclipse-workspace/Sunny_Printers/src/main/java/service/NumberSequenceAllocationService.java:[18,15] illegal character: '\u0000'
[ERROR] /C:/Users/VishalGoswami/eclipse-workspace/Sunny_Printers/src/main/java/service/NumberSequenceAllocationService.java:[18,27] illegal character: '\u0000'
[ERROR] /C:/Users/VishalGoswami/eclipse-workspace/Sunny_Printers/src/main/java/service/NumberSequenceAllocationService.java:[18,71] illegal character: '\u0000'
[ERROR] /C:/Users/VishalGoswami/eclipse-workspace/Sunny_Printers/src/main/java/service/NumberSequenceAllocationService.java:[19,1] illegal character: '\u0000'
[ERROR] /C:/Users/VishalGoswami/eclipse-workspace/Sunny_Printers/src/main/java/service/NumberSequenceAllocationService.java:[20,1] illegal character: '\u0000'
[ERROR] /C:/Users/VishalGoswami/eclipse-workspace/Sunny_Printers/src/main/java/service/NumberSequenceAllocationService.java:[20,3] illegal character: '\u0000'
[ERROR] /C:/Users/VishalGoswami/eclipse-workspace/Sunny_Printers/src/main/java/service/NumberSequenceAllocationService.java:[20,5] illegal character: '\u0000'
[ERROR] /C:/Users/VishalGoswami/eclipse-workspace/Sunny_Printers/src/main/java/service/NumberSequenceAllocationService.java:[20,7] illegal character: '\u0000'
[ERROR] /C:/Users/VishalGoswami/eclipse-workspace/Sunny_Printers/src/main/java/service/NumberSequenceAllocationService.java:[21,1] illegal character: '\u0000'
[ERROR] /C:/Users/VishalGoswami/eclipse-workspace/Sunny_Printers/src/main/java/service/NumberSequenceAllocationService.java:[21,3] illegal character: '\u0000'
[ERROR] /C:/Users/VishalGoswami/eclipse-workspace/Sunny_Printers/src/main/java/service/NumberSequenceAllocationService.java:[21,5] illegal character: '\u0000'
[ERROR] /C:/Users/VishalGoswami/eclipse-workspace/Sunny_Printers/src/main/java/service/NumberSequenceAllocationService.java:[21,7] illegal character: '\u0000'
[ERROR] /C:/Users/VishalGoswami/eclipse-workspace/Sunny_Printers/src/main/java/service/NumberSequenceAllocationService.java:[21,27] illegal character: '\u0000'
[ERROR] /C:/Users/VishalGoswami/eclipse-workspace/Sunny_Printers/src/main/java/service/NumberSequenceAllocationService.java:[21,45] illegal character: '\u0000'
[ERROR] /C:/Users/VishalGoswami/eclipse-workspace/Sunny_Printers/src/main/java/service/NumberSequenceAllocationService.java:[21,61] illegal character: '\u0000'
[ERROR] /C:/Users/VishalGoswami/eclipse-workspace/Sunny_Printers/src/main/java/service/NumberSequenceAllocationService.java:[21,71] illegal character: '\u0000'
[INFO] 100 errors 
[INFO] -------------------------------------------------------------
[INFO] ------------------------------------------------------------------------
[INFO] BUILD FAILURE
[INFO] ------------------------------------------------------------------------
[INFO] Total time:  5.214 s
[INFO] Finished at: 2026-05-16T17:41:20+05:30
[INFO] ------------------------------------------------------------------------
[ERROR] Failed to execute goal org.apache.maven.plugins:maven-compiler-plugin:3.13.0:compile (default-compile) on project Sunny_Printers: Compilation failure: Compilation failure: 
[ERROR] /C:/Users/VishalGoswami/eclipse-workspace/Sunny_Printers/src/main/java/service/NumberSequenceAllocationService.java:[1,16] illegal character: '\u0000'
[ERROR] /C:/Users/VishalGoswami/eclipse-workspace/Sunny_Printers/src/main/java/service/NumberSequenceAllocationService.java:[1,32] illegal character: '\u0000'
[ERROR] /C:/Users/VishalGoswami/eclipse-workspace/Sunny_Printers/src/main/java/service/NumberSequenceAllocationService.java:[2,1] illegal character: '\u0000'
[ERROR] /C:/Users/VishalGoswami/eclipse-workspace/Sunny_Printers/src/main/java/service/NumberSequenceAllocationService.java:[3,1] illegal character: '\u0000'
[ERROR] /C:/Users/VishalGoswami/eclipse-workspace/Sunny_Printers/src/main/java/service/NumberSequenceAllocationService.java:[3,15] illegal character: '\u0000'
[ERROR] /C:/Users/VishalGoswami/eclipse-workspace/Sunny_Printers/src/main/java/service/NumberSequenceAllocationService.java:[3,24] class, interface, enum, or record expected
[ERROR] /C:/Users/VishalGoswami/eclipse-workspace/Sunny_Printers/src/main/java/service/NumberSequenceAllocationService.java:[3,25] illegal character: '\u0000'
[ERROR] /C:/Users/VishalGoswami/eclipse-workspace/Sunny_Printers/src/main/java/service/NumberSequenceAllocationService.java:[3,33] illegal character: '\u0000'
[ERROR] /C:/Users/VishalGoswami/eclipse-workspace/Sunny_Printers/src/main/java/service/NumberSequenceAllocationService.java:[3,55] illegal character: '\u0000'
[ERROR] /C:/Users/VishalGoswami/eclipse-workspace/Sunny_Printers/src/main/java/service/NumberSequenceAllocationService.java:[4,1] illegal character: '\u0000'
[ERROR] /C:/Users/VishalGoswami/eclipse-workspace/Sunny_Printers/src/main/java/service/NumberSequenceAllocationService.java:[4,2] class, interface, enum, or record expected
[ERROR] /C:/Users/VishalGoswami/eclipse-workspace/Sunny_Printers/src/main/java/service/NumberSequenceAllocationService.java:[4,15] illegal character: '\u0000'
[ERROR] /C:/Users/VishalGoswami/eclipse-workspace/Sunny_Printers/src/main/java/service/NumberSequenceAllocationService.java:[4,25] illegal character: '\u0000'
[ERROR] /C:/Users/VishalGoswami/eclipse-workspace/Sunny_Printers/src/main/java/service/NumberSequenceAllocationService.java:[4,33] illegal character: '\u0000'
[ERROR] /C:/Users/VishalGoswami/eclipse-workspace/Sunny_Printers/src/main/java/service/NumberSequenceAllocationService.java:[4,69] illegal character: '\u0000'
[ERROR] /C:/Users/VishalGoswami/eclipse-workspace/Sunny_Printers/src/main/java/service/NumberSequenceAllocationService.java:[5,1] illegal character: '\u0000'
[ERROR] /C:/Users/VishalGoswami/eclipse-workspace/Sunny_Printers/src/main/java/service/NumberSequenceAllocationService.java:[5,2] class, interface, enum, or record expected
[ERROR] /C:/Users/VishalGoswami/eclipse-workspace/Sunny_Printers/src/main/java/service/NumberSequenceAllocationService.java:[5,15] illegal character: '\u0000'
[ERROR] /C:/Users/VishalGoswami/eclipse-workspace/Sunny_Printers/src/main/java/service/NumberSequenceAllocationService.java:[5,25] illegal character: '\u0000'
[ERROR] /C:/Users/VishalGoswami/eclipse-workspace/Sunny_Printers/src/main/java/service/NumberSequenceAllocationService.java:[5,33] illegal character: '\u0000'
[ERROR] /C:/Users/VishalGoswami/eclipse-workspace/Sunny_Printers/src/main/java/service/NumberSequenceAllocationService.java:[5,53] illegal character: '\u0000'
[ERROR] /C:/Users/VishalGoswami/eclipse-workspace/Sunny_Printers/src/main/java/service/NumberSequenceAllocationService.java:[6,1] illegal character: '\u0000'
[ERROR] /C:/Users/VishalGoswami/eclipse-workspace/Sunny_Printers/src/main/java/service/NumberSequenceAllocationService.java:[6,2] class, interface, enum, or record expected
[ERROR] /C:/Users/VishalGoswami/eclipse-workspace/Sunny_Printers/src/main/java/service/NumberSequenceAllocationService.java:[6,15] illegal character: '\u0000'
[ERROR] /C:/Users/VishalGoswami/eclipse-workspace/Sunny_Printers/src/main/java/service/NumberSequenceAllocationService.java:[6,25] illegal character: '\u0000'
[ERROR] /C:/Users/VishalGoswami/eclipse-workspace/Sunny_Printers/src/main/java/service/NumberSequenceAllocationService.java:[6,35] illegal character: '\u0000'
[ERROR] /C:/Users/VishalGoswami/eclipse-workspace/Sunny_Printers/src/main/java/service/NumberSequenceAllocationService.java:[6,55] illegal character: '\u0000'
[ERROR] /C:/Users/VishalGoswami/eclipse-workspace/Sunny_Printers/src/main/java/service/NumberSequenceAllocationService.java:[7,1] illegal character: '\u0000'
[ERROR] /C:/Users/VishalGoswami/eclipse-workspace/Sunny_Printers/src/main/java/service/NumberSequenceAllocationService.java:[7,2] class, interface, enum, or record expected
[ERROR] /C:/Users/VishalGoswami/eclipse-workspace/Sunny_Printers/src/main/java/service/NumberSequenceAllocationService.java:[7,15] illegal character: '\u0000'
[ERROR] /C:/Users/VishalGoswami/eclipse-workspace/Sunny_Printers/src/main/java/service/NumberSequenceAllocationService.java:[7,25] illegal character: '\u0000'
[ERROR] /C:/Users/VishalGoswami/eclipse-workspace/Sunny_Printers/src/main/java/service/NumberSequenceAllocationService.java:[7,35] illegal character: '\u0000'
[ERROR] /C:/Users/VishalGoswami/eclipse-workspace/Sunny_Printers/src/main/java/service/NumberSequenceAllocationService.java:[7,53] illegal character: '\u0000'
[ERROR] /C:/Users/VishalGoswami/eclipse-workspace/Sunny_Printers/src/main/java/service/NumberSequenceAllocationService.java:[8,1] illegal character: '\u0000'
[ERROR] /C:/Users/VishalGoswami/eclipse-workspace/Sunny_Printers/src/main/java/service/NumberSequenceAllocationService.java:[9,1] illegal character: '\u0000'
[ERROR] /C:/Users/VishalGoswami/eclipse-workspace/Sunny_Printers/src/main/java/service/NumberSequenceAllocationService.java:[9,15] illegal character: '\u0000'
[ERROR] /C:/Users/VishalGoswami/eclipse-workspace/Sunny_Printers/src/main/java/service/NumberSequenceAllocationService.java:[9,22] class, interface, enum, or record expected
[ERROR] /C:/Users/VishalGoswami/eclipse-workspace/Sunny_Printers/src/main/java/service/NumberSequenceAllocationService.java:[9,23] illegal character: '\u0000'
[ERROR] /C:/Users/VishalGoswami/eclipse-workspace/Sunny_Printers/src/main/java/service/NumberSequenceAllocationService.java:[9,41] illegal character: '\u0000'
[ERROR] /C:/Users/VishalGoswami/eclipse-workspace/Sunny_Printers/src/main/java/service/NumberSequenceAllocationService.java:[9,67] illegal character: '\u0000'
[ERROR] /C:/Users/VishalGoswami/eclipse-workspace/Sunny_Printers/src/main/java/service/NumberSequenceAllocationService.java:[10,1] illegal character: '\u0000'
[ERROR] /C:/Users/VishalGoswami/eclipse-workspace/Sunny_Printers/src/main/java/service/NumberSequenceAllocationService.java:[10,2] class, interface, enum, or record expected
[ERROR] /C:/Users/VishalGoswami/eclipse-workspace/Sunny_Printers/src/main/java/service/NumberSequenceAllocationService.java:[10,15] illegal character: '\u0000'
[ERROR] /C:/Users/VishalGoswami/eclipse-workspace/Sunny_Printers/src/main/java/service/NumberSequenceAllocationService.java:[10,23] illegal character: '\u0000'
[ERROR] /C:/Users/VishalGoswami/eclipse-workspace/Sunny_Printers/src/main/java/service/NumberSequenceAllocationService.java:[10,41] illegal character: '\u0000'
[ERROR] /C:/Users/VishalGoswami/eclipse-workspace/Sunny_Printers/src/main/java/service/NumberSequenceAllocationService.java:[10,61] illegal character: '\u0000'
[ERROR] /C:/Users/VishalGoswami/eclipse-workspace/Sunny_Printers/src/main/java/service/NumberSequenceAllocationService.java:[10,115] illegal character: '\u0000'
[ERROR] /C:/Users/VishalGoswami/eclipse-workspace/Sunny_Printers/src/main/java/service/NumberSequenceAllocationService.java:[11,1] illegal character: '\u0000'
[ERROR] /C:/Users/VishalGoswami/eclipse-workspace/Sunny_Printers/src/main/java/service/NumberSequenceAllocationService.java:[11,2] class, interface, enum, or record expected
[ERROR] /C:/Users/VishalGoswami/eclipse-workspace/Sunny_Printers/src/main/java/service/NumberSequenceAllocationService.java:[11,15] illegal character: '\u0000'
[ERROR] /C:/Users/VishalGoswami/eclipse-workspace/Sunny_Printers/src/main/java/service/NumberSequenceAllocationService.java:[11,27] illegal character: '\u0000'
[ERROR] /C:/Users/VishalGoswami/eclipse-workspace/Sunny_Printers/src/main/java/service/NumberSequenceAllocationService.java:[11,69] illegal character: '\u0000'
[ERROR] /C:/Users/VishalGoswami/eclipse-workspace/Sunny_Printers/src/main/java/service/NumberSequenceAllocationService.java:[12,1] illegal character: '\u0000'
[ERROR] /C:/Users/VishalGoswami/eclipse-workspace/Sunny_Printers/src/main/java/service/NumberSequenceAllocationService.java:[12,2] class, interface, enum, or record expected
[ERROR] /C:/Users/VishalGoswami/eclipse-workspace/Sunny_Printers/src/main/java/service/NumberSequenceAllocationService.java:[12,15] illegal character: '\u0000'
[ERROR] /C:/Users/VishalGoswami/eclipse-workspace/Sunny_Printers/src/main/java/service/NumberSequenceAllocationService.java:[12,27] illegal character: '\u0000'
[ERROR] /C:/Users/VishalGoswami/eclipse-workspace/Sunny_Printers/src/main/java/service/NumberSequenceAllocationService.java:[12,57] illegal character: '\u0000'
[ERROR] /C:/Users/VishalGoswami/eclipse-workspace/Sunny_Printers/src/main/java/service/NumberSequenceAllocationService.java:[13,1] illegal character: '\u0000'
[ERROR] /C:/Users/VishalGoswami/eclipse-workspace/Sunny_Printers/src/main/java/service/NumberSequenceAllocationService.java:[13,2] class, interface, enum, or record expected
[ERROR] /C:/Users/VishalGoswami/eclipse-workspace/Sunny_Printers/src/main/java/service/NumberSequenceAllocationService.java:[13,15] illegal character: '\u0000'
[ERROR] /C:/Users/VishalGoswami/eclipse-workspace/Sunny_Printers/src/main/java/service/NumberSequenceAllocationService.java:[13,27] illegal character: '\u0000'
[ERROR] /C:/Users/VishalGoswami/eclipse-workspace/Sunny_Printers/src/main/java/service/NumberSequenceAllocationService.java:[13,57] illegal character: '\u0000'
[ERROR] /C:/Users/VishalGoswami/eclipse-workspace/Sunny_Printers/src/main/java/service/NumberSequenceAllocationService.java:[14,1] illegal character: '\u0000'
[ERROR] /C:/Users/VishalGoswami/eclipse-workspace/Sunny_Printers/src/main/java/service/NumberSequenceAllocationService.java:[14,2] class, interface, enum, or record expected
[ERROR] /C:/Users/VishalGoswami/eclipse-workspace/Sunny_Printers/src/main/java/service/NumberSequenceAllocationService.java:[14,15] illegal character: '\u0000'
[ERROR] /C:/Users/VishalGoswami/eclipse-workspace/Sunny_Printers/src/main/java/service/NumberSequenceAllocationService.java:[14,37] illegal character: '\u0000'
[ERROR] /C:/Users/VishalGoswami/eclipse-workspace/Sunny_Printers/src/main/java/service/NumberSequenceAllocationService.java:[14,87] illegal character: '\u0000'
[ERROR] /C:/Users/VishalGoswami/eclipse-workspace/Sunny_Printers/src/main/java/service/NumberSequenceAllocationService.java:[15,1] illegal character: '\u0000'
[ERROR] /C:/Users/VishalGoswami/eclipse-workspace/Sunny_Printers/src/main/java/service/NumberSequenceAllocationService.java:[15,2] class, interface, enum, or record expected
[ERROR] /C:/Users/VishalGoswami/eclipse-workspace/Sunny_Printers/src/main/java/service/NumberSequenceAllocationService.java:[15,15] illegal character: '\u0000'
[ERROR] /C:/Users/VishalGoswami/eclipse-workspace/Sunny_Printers/src/main/java/service/NumberSequenceAllocationService.java:[15,37] illegal character: '\u0000'
[ERROR] /C:/Users/VishalGoswami/eclipse-workspace/Sunny_Printers/src/main/java/service/NumberSequenceAllocationService.java:[15,87] illegal character: '\u0000'
[ERROR] /C:/Users/VishalGoswami/eclipse-workspace/Sunny_Printers/src/main/java/service/NumberSequenceAllocationService.java:[16,1] illegal character: '\u0000'
[ERROR] /C:/Users/VishalGoswami/eclipse-workspace/Sunny_Printers/src/main/java/service/NumberSequenceAllocationService.java:[16,2] class, interface, enum, or record expected
[ERROR] /C:/Users/VishalGoswami/eclipse-workspace/Sunny_Printers/src/main/java/service/NumberSequenceAllocationService.java:[16,15] illegal character: '\u0000'
[ERROR] /C:/Users/VishalGoswami/eclipse-workspace/Sunny_Printers/src/main/java/service/NumberSequenceAllocationService.java:[16,27] illegal character: '\u0000'
[ERROR] /C:/Users/VishalGoswami/eclipse-workspace/Sunny_Printers/src/main/java/service/NumberSequenceAllocationService.java:[16,57] illegal character: '\u0000'
[ERROR] /C:/Users/VishalGoswami/eclipse-workspace/Sunny_Printers/src/main/java/service/NumberSequenceAllocationService.java:[17,1] illegal character: '\u0000'
[ERROR] /C:/Users/VishalGoswami/eclipse-workspace/Sunny_Printers/src/main/java/service/NumberSequenceAllocationService.java:[17,2] class, interface, enum, or record expected
[ERROR] /C:/Users/VishalGoswami/eclipse-workspace/Sunny_Printers/src/main/java/service/NumberSequenceAllocationService.java:[17,15] illegal character: '\u0000'
[ERROR] /C:/Users/VishalGoswami/eclipse-workspace/Sunny_Printers/src/main/java/service/NumberSequenceAllocationService.java:[17,27] illegal character: '\u0000'
[ERROR] /C:/Users/VishalGoswami/eclipse-workspace/Sunny_Printers/src/main/java/service/NumberSequenceAllocationService.java:[17,63] illegal character: '\u0000'
[ERROR] /C:/Users/VishalGoswami/eclipse-workspace/Sunny_Printers/src/main/java/service/NumberSequenceAllocationService.java:[18,1] illegal character: '\u0000'
[ERROR] /C:/Users/VishalGoswami/eclipse-workspace/Sunny_Printers/src/main/java/service/NumberSequenceAllocationService.java:[18,2] class, interface, enum, or record expected
[ERROR] /C:/Users/VishalGoswami/eclipse-workspace/Sunny_Printers/src/main/java/service/NumberSequenceAllocationService.java:[18,15] illegal character: '\u0000'
[ERROR] /C:/Users/VishalGoswami/eclipse-workspace/Sunny_Printers/src/main/java/service/NumberSequenceAllocationService.java:[18,27] illegal character: '\u0000'
[ERROR] /C:/Users/VishalGoswami/eclipse-workspace/Sunny_Printers/src/main/java/service/NumberSequenceAllocationService.java:[18,71] illegal character: '\u0000'
[ERROR] /C:/Users/VishalGoswami/eclipse-workspace/Sunny_Printers/src/main/java/service/NumberSequenceAllocationService.java:[19,1] illegal character: '\u0000'
[ERROR] /C:/Users/VishalGoswami/eclipse-workspace/Sunny_Printers/src/main/java/service/NumberSequenceAllocationService.java:[20,1] illegal character: '\u0000'
[ERROR] /C:/Users/VishalGoswami/eclipse-workspace/Sunny_Printers/src/main/java/service/NumberSequenceAllocationService.java:[20,3] illegal character: '\u0000'
[ERROR] /C:/Users/VishalGoswami/eclipse-workspace/Sunny_Printers/src/main/java/service/NumberSequenceAllocationService.java:[20,5] illegal character: '\u0000'
[ERROR] /C:/Users/VishalGoswami/eclipse-workspace/Sunny_Printers/src/main/java/service/NumberSequenceAllocationService.java:[20,7] illegal character: '\u0000'
[ERROR] /C:/Users/VishalGoswami/eclipse-workspace/Sunny_Printers/src/main/java/service/NumberSequenceAllocationService.java:[21,1] illegal character: '\u0000'
[ERROR] /C:/Users/VishalGoswami/eclipse-workspace/Sunny_Printers/src/main/java/service/NumberSequenceAllocationService.java:[21,3] illegal character: '\u0000'
[ERROR] /C:/Users/VishalGoswami/eclipse-workspace/Sunny_Printers/src/main/java/service/NumberSequenceAllocationService.java:[21,5] illegal character: '\u0000'
[ERROR] /C:/Users/VishalGoswami/eclipse-workspace/Sunny_Printers/src/main/java/service/NumberSequenceAllocationService.java:[21,7] illegal character: '\u0000'
[ERROR] /C:/Users/VishalGoswami/eclipse-workspace/Sunny_Printers/src/main/java/service/NumberSequenceAllocationService.java:[21,27] illegal character: '\u0000'
[ERROR] /C:/Users/VishalGoswami/eclipse-workspace/Sunny_Printers/src/main/java/service/NumberSequenceAllocationService.java:[21,45] illegal character: '\u0000'
[ERROR] /C:/Users/VishalGoswami/eclipse-workspace/Sunny_Printers/src/main/java/service/NumberSequenceAllocationService.java:[21,61] illegal character: '\u0000'
[ERROR] /C:/Users/VishalGoswami/eclipse-workspace/Sunny_Printers/src/main/java/service/NumberSequenceAllocationService.java:[21,71] illegal character: '\u0000'
[ERROR] -> [Help 1]
[ERROR] 
[ERROR] To see the full stack trace of the errors, re-run Maven with the -e switch.
[ERROR] Re-run Maven using the -X switch to enable full debug logging.
[ERROR] 
[ERROR] For more information about the errors and possible solutions, please read the following articles:
[ERROR] [Help 1] http://cwiki.apache.org/confluence/display/MAVEN/MojoFailureException
